0 verbose cli C:\Program Files\nodejs\node.exe C:\Program Files\nodejs\node_modules\npm\bin\npm-cli.js
1 info using npm@11.17.0
2 info using node@v24.19.0
3 silly config load:file:C:\Program Files\nodejs\node_modules\npm\npmrc
4 silly config load:file:C:\GameProjects\JoshuaBrower-website\.npmrc
5 silly config load:file:C:\Users\jsbro\.npmrc
6 silly config load:file:C:\Users\jsbro\AppData\Roaming\npm\etc\npmrc
7 verbose title npm ci
8 verbose argv "ci" "--offline" "false" "--cache" ".npm-cache"
9 verbose logfile logs-max:10 dir:C:\GameProjects\JoshuaBrower-website\.npm-cache\_logs\2026-09-16T23_43_45_495Z-
10 verbose logfile C:\GameProjects\JoshuaBrower-website\.npm-cache\_logs\2026-09-16T23_43_45_495Z-debug-0.log
11 silly logfile done cleaning log files
12 silly packumentCache heap:4496293888 maxSize:1124073472 maxEntrySize:562036736
13 silly packumentCache heap:4496293888 maxSize:1124073472 maxEntrySize:562036736
14 silly idealTree buildDeps
15 silly reify moves {}
16 silly audit bulk request {
16 silly audit   '@oxc-project/types': [ '0.149.0' ],
16 silly audit   '@rolldown/binding-android-arm-eabi': [ '1.2.8' ],
16 silly audit   '@rolldown/binding-android-arm64': [ '1.2.8' ],
16 silly audit   '@rolldown/binding-darwin-arm64': [ '1.2.8' ],
16 silly audit   '@rolldown/binding-darwin-x64': [ '1.2.8' ],
16 silly audit   '@rolldown/binding-freebsd-x64': [ '1.2.8' ],
16 silly audit   '@rolldown/binding-linux-arm-gnueabihf': [ '1.2.8' ],
16 silly audit   '@rolldown/binding-linux-arm64-gnu': [ '1.2.8' ],
16 silly audit   '@rolldown/binding-linux-arm64-musl': [ '1.2.8' ],
16 silly audit   '@rolldown/binding-linux-ppc64-gnu': [ '1.2.8' ],
16 silly audit   '@rolldown/binding-linux-s390x-gnu': [ '1.2.8' ],
16 silly audit   '@rolldown/binding-linux-x64-gnu': [ '1.2.8' ],
16 silly audit   '@rolldown/binding-linux-x64-musl': [ '1.2.8' ],
16 silly audit   '@rolldown/binding-openharmony-arm64': [ '1.2.8' ],
16 silly audit   '@rolldown/binding-win32-arm64-msvc': [ '1.2.8' ],
16 silly audit   '@rolldown/binding-win32-x64-msvc': [ '1.2.8' ],
16 silly audit   '@rolldown/pluginutils': [ '1.0.1' ],
16 silly audit   '@vitejs/plugin-react': [ '6.1.1' ],
16 silly audit   'detect-libc': [ '2.1.2' ],
16 silly audit   fdir: [ '6.5.0' ],
16 silly audit   fsevents: [ '2.3.3' ],
16 silly audit   lightningcss: [ '1.33.0' ],
16 silly audit   'lightningcss-android-arm64': [ '1.33.0' ],
16 silly audit   'lightningcss-darwin-arm64': [ '1.33.0' ],
16 silly audit   'lightningcss-darwin-x64': [ '1.33.0' ],
16 silly audit   'lightningcss-freebsd-x64': [ '1.33.0' ],
16 silly audit   'lightningcss-linux-arm-gnueabihf': [ '1.33.0' ],
16 silly audit   'lightningcss-linux-arm64-gnu': [ '1.33.0' ],
16 silly audit   'lightningcss-linux-arm64-musl': [ '1.33.0' ],
16 silly audit   'lightningcss-linux-x64-gnu': [ '1.33.0' ],
16 silly audit   'lightningcss-linux-x64-musl': [ '1.33.0' ],
16 silly audit   'lightningcss-win32-arm64-msvc': [ '1.33.0' ],
16 silly audit   'lightningcss-win32-x64-msvc': [ '1.33.0' ],
16 silly audit   nanoid: [ '3.3.19' ],
16 silly audit   picocolors: [ '1.1.1' ],
16 silly audit   picomatch: [ '4.0.7' ],
16 silly audit   postcss: [ '8.5.28' ],
16 silly audit   react: [ '19.3.0' ],
16 silly audit   'react-dom': [ '19.3.0' ],
16 silly audit   rolldown: [ '1.2.8' ],
16 silly audit   scheduler: [ '0.28.0' ],
16 silly audit   'source-map-js': [ '1.2.1' ],
16 silly audit   tinyglobby: [ '0.2.17' ],
16 silly audit   vite: [ '8.3.0' ]
16 silly audit }
17 verbose audit error FetchError: request to https://registry.npmjs.org/-/npm/v1/security/advisories/bulk failed, reason: connect ECONNREFUSED 127.0.0.1:9
17 verbose audit error     at ClientRequest.<anonymous> (C:\Program Files\nodejs\node_modules\npm\node_modules\minipass-fetch\lib\index.js:130:14)
17 verbose audit error     at ClientRequest.emit (node:events:509:28)
17 verbose audit error     at emitErrorEvent (node:_http_client:112:11)
17 verbose audit error     at _destroy (node:_http_client:1144:9)
17 verbose audit error     at onSocketNT (node:_http_client:1165:5)
17 verbose audit error     at process.processTicksAndRejections (node:internal/process/task_queues:91:21) {
17 verbose audit error   code: 'ECONNREFUSED',
17 verbose audit error   errno: 'ECONNREFUSED',
17 verbose audit error   syscall: 'connect',
17 verbose audit error   address: '127.0.0.1',
17 verbose audit error   port: 9,
17 verbose audit error   type: 'system'
17 verbose audit error }
18 silly audit error undefined
19 silly audit report null
20 http cache vite@https://registry.npmjs.org/vite/-/vite-8.3.0.tgz 0ms (cache hit)
21 http cache rolldown@https://registry.npmjs.org/rolldown/-/rolldown-1.2.8.tgz 0ms (cache hit)
22 http cache tinyglobby@https://registry.npmjs.org/tinyglobby/-/tinyglobby-0.2.17.tgz 0ms (cache hit)
23 http cache scheduler@https://registry.npmjs.org/scheduler/-/scheduler-0.28.0.tgz 0ms (cache hit)
24 http cache source-map-js@https://registry.npmjs.org/source-map-js/-/source-map-js-1.2.1.tgz 0ms (cache hit)
25 http cache react-dom@https://registry.npmjs.org/react-dom/-/react-dom-19.3.0.tgz 0ms (cache hit)
26 http cache picocolors@https://registry.npmjs.org/picocolors/-/picocolors-1.1.1.tgz 0ms (cache hit)
27 http cache postcss@https://registry.npmjs.org/postcss/-/postcss-8.5.28.tgz 0ms (cache hit)
28 http cache react@https://registry.npmjs.org/react/-/react-19.3.0.tgz 0ms (cache hit)
29 http cache picomatch@https://registry.npmjs.org/picomatch/-/picomatch-4.0.7.tgz 0ms (cache hit)
30 http cache lightningcss-win32-x64-msvc@https://registry.npmjs.org/lightningcss-win32-x64-msvc/-/lightningcss-win32-x64-msvc-1.33.0.tgz 0ms (cache hit)
31 http cache @vitejs/plugin-react@https://registry.npmjs.org/@vitejs/plugin-react/-/plugin-react-6.1.1.tgz 0ms (cache hit)
32 http cache nanoid@https://registry.npmjs.org/nanoid/-/nanoid-3.3.19.tgz 0ms (cache hit)
33 http cache lightningcss@https://registry.npmjs.org/lightningcss/-/lightningcss-1.33.0.tgz 0ms (cache hit)
34 http cache detect-libc@https://registry.npmjs.org/detect-libc/-/detect-libc-2.1.2.tgz 0ms (cache hit)
35 http cache fdir@https://registry.npmjs.org/fdir/-/fdir-6.5.0.tgz 0ms (cache hit)
36 http cache @oxc-project/types@https://registry.npmjs.org/@oxc-project/types/-/types-0.149.0.tgz 0ms (cache hit)
37 silly tarball no local data for vite@https://registry.npmjs.org/vite/-/vite-8.3.0.tgz. Extracting by manifest.
38 silly tarball no local data for rolldown@https://registry.npmjs.org/rolldown/-/rolldown-1.2.8.tgz. Extracting by manifest.
39 silly tarball no local data for tinyglobby@https://registry.npmjs.org/tinyglobby/-/tinyglobby-0.2.17.tgz. Extracting by manifest.
40 silly tarball no local data for scheduler@https://registry.npmjs.org/scheduler/-/scheduler-0.28.0.tgz. Extracting by manifest.
41 silly tarball no local data for source-map-js@https://registry.npmjs.org/source-map-js/-/source-map-js-1.2.1.tgz. Extracting by manifest.
42 silly tarball no local data for react-dom@https://registry.npmjs.org/react-dom/-/react-dom-19.3.0.tgz. Extracting by manifest.
43 silly tarball no local data for picocolors@https://registry.npmjs.org/picocolors/-/picocolors-1.1.1.tgz. Extracting by manifest.
44 silly tarball no local data for postcss@https://registry.npmjs.org/postcss/-/postcss-8.5.28.tgz. Extracting by manifest.
45 silly tarball no local data for react@https://registry.npmjs.org/react/-/react-19.3.0.tgz. Extracting by manifest.
46 silly tarball no local data for picomatch@https://registry.npmjs.org/picomatch/-/picomatch-4.0.7.tgz. Extracting by manifest.
47 silly tarball no local data for lightningcss-win32-x64-msvc@https://registry.npmjs.org/lightningcss-win32-x64-msvc/-/lightningcss-win32-x64-msvc-1.33.0.tgz. Extracting by manifest.
48 http cache @rolldown/binding-win32-x64-msvc@https://registry.npmjs.org/@rolldown/binding-win32-x64-msvc/-/binding-win32-x64-msvc-1.2.8.tgz 0ms (cache hit)
49 silly tarball no local data for @vitejs/plugin-react@https://registry.npmjs.org/@vitejs/plugin-react/-/plugin-react-6.1.1.tgz. Extracting by manifest.
50 silly tarball no local data for nanoid@https://registry.npmjs.org/nanoid/-/nanoid-3.3.19.tgz. Extracting by manifest.
51 http cache @rolldown/pluginutils@https://registry.npmjs.org/@rolldown/pluginutils/-/pluginutils-1.0.1.tgz 0ms (cache hit)
52 silly tarball no local data for lightningcss@https://registry.npmjs.org/lightningcss/-/lightningcss-1.33.0.tgz. Extracting by manifest.
53 silly tarball no local data for detect-libc@https://registry.npmjs.org/detect-libc/-/detect-libc-2.1.2.tgz. Extracting by manifest.
54 silly tarball no local data for fdir@https://registry.npmjs.org/fdir/-/fdir-6.5.0.tgz. Extracting by manifest.
55 silly tarball no local data for @oxc-project/types@https://registry.npmjs.org/@oxc-project/types/-/types-0.149.0.tgz. Extracting by manifest.
56 silly tarball no local data for @rolldown/binding-win32-x64-msvc@https://registry.npmjs.org/@rolldown/binding-win32-x64-msvc/-/binding-win32-x64-msvc-1.2.8.tgz. Extracting by manifest.
57 silly tarball no local data for @rolldown/pluginutils@https://registry.npmjs.org/@rolldown/pluginutils/-/pluginutils-1.0.1.tgz. Extracting by manifest.
58 http fetch GET https://registry.npmjs.org/vite/-/vite-8.3.0.tgz attempt 1 failed with ECONNREFUSED
59 http fetch GET https://registry.npmjs.org/rolldown/-/rolldown-1.2.8.tgz attempt 1 failed with ECONNREFUSED
60 http fetch GET https://registry.npmjs.org/tinyglobby/-/tinyglobby-0.2.17.tgz attempt 1 failed with ECONNREFUSED
61 http fetch GET https://registry.npmjs.org/scheduler/-/scheduler-0.28.0.tgz attempt 1 failed with ECONNREFUSED
62 http fetch GET https://registry.npmjs.org/source-map-js/-/source-map-js-1.2.1.tgz attempt 1 failed with ECONNREFUSED
63 http fetch GET https://registry.npmjs.org/react-dom/-/react-dom-19.3.0.tgz attempt 1 failed with ECONNREFUSED
64 http fetch GET https://registry.npmjs.org/picocolors/-/picocolors-1.1.1.tgz attempt 1 failed with ECONNREFUSED
65 http fetch GET https://registry.npmjs.org/postcss/-/postcss-8.5.28.tgz attempt 1 failed with ECONNREFUSED
66 http fetch GET https://registry.npmjs.org/react/-/react-19.3.0.tgz attempt 1 failed with ECONNREFUSED
67 http fetch GET https://registry.npmjs.org/picomatch/-/picomatch-4.0.7.tgz attempt 1 failed with ECONNREFUSED
68 http fetch GET https://registry.npmjs.org/lightningcss-win32-x64-msvc/-/lightningcss-win32-x64-msvc-1.33.0.tgz attempt 1 failed with ECONNREFUSED
69 http fetch GET https://registry.npmjs.org/@vitejs/plugin-react/-/plugin-react-6.1.1.tgz attempt 1 failed with ECONNREFUSED
70 http fetch GET https://registry.npmjs.org/nanoid/-/nanoid-3.3.19.tgz attempt 1 failed with ECONNREFUSED
71 http fetch GET https://registry.npmjs.org/lightningcss/-/lightningcss-1.33.0.tgz attempt 1 failed with ECONNREFUSED
72 http fetch GET https://registry.npmjs.org/detect-libc/-/detect-libc-2.1.2.tgz attempt 1 failed with ECONNREFUSED
73 http fetch GET https://registry.npmjs.org/fdir/-/fdir-6.5.0.tgz attempt 1 failed with ECONNREFUSED
74 http fetch GET https://registry.npmjs.org/@oxc-project/types/-/types-0.149.0.tgz attempt 1 failed with ECONNREFUSED
75 http fetch GET https://registry.npmjs.org/@rolldown/binding-win32-x64-msvc/-/binding-win32-x64-msvc-1.2.8.tgz attempt 1 failed with ECONNREFUSED
76 http fetch GET https://registry.npmjs.org/@rolldown/pluginutils/-/pluginutils-1.0.1.tgz attempt 1 failed with ECONNREFUSED
77 http fetch GET https://registry.npmjs.org/vite/-/vite-8.3.0.tgz attempt 2 failed with ECONNREFUSED
78 http fetch GET https://registry.npmjs.org/rolldown/-/rolldown-1.2.8.tgz attempt 2 failed with ECONNREFUSED
79 http fetch GET https://registry.npmjs.org/tinyglobby/-/tinyglobby-0.2.17.tgz attempt 2 failed with ECONNREFUSED
80 http fetch GET https://registry.npmjs.org/scheduler/-/scheduler-0.28.0.tgz attempt 2 failed with ECONNREFUSED
81 http fetch GET https://registry.npmjs.org/source-map-js/-/source-map-js-1.2.1.tgz attempt 2 failed with ECONNREFUSED
82 http fetch GET https://registry.npmjs.org/react-dom/-/react-dom-19.3.0.tgz attempt 2 failed with ECONNREFUSED
83 http fetch GET https://registry.npmjs.org/picocolors/-/picocolors-1.1.1.tgz attempt 2 failed with ECONNREFUSED
84 http fetch GET https://registry.npmjs.org/postcss/-/postcss-8.5.28.tgz attempt 2 failed with ECONNREFUSED
85 http fetch GET https://registry.npmjs.org/react/-/react-19.3.0.tgz attempt 2 failed with ECONNREFUSED
86 http fetch GET https://registry.npmjs.org/picomatch/-/picomatch-4.0.7.tgz attempt 2 failed with ECONNREFUSED
87 http fetch GET https://registry.npmjs.org/lightningcss-win32-x64-msvc/-/lightningcss-win32-x64-msvc-1.33.0.tgz attempt 2 failed with ECONNREFUSED
88 http fetch GET https://registry.npmjs.org/@vitejs/plugin-react/-/plugin-react-6.1.1.tgz attempt 2 failed with ECONNREFUSED
89 http fetch GET https://registry.npmjs.org/nanoid/-/nanoid-3.3.19.tgz attempt 2 failed with ECONNREFUSED
90 http fetch GET https://registry.npmjs.org/lightningcss/-/lightningcss-1.33.0.tgz attempt 2 failed with ECONNREFUSED
91 http fetch GET https://registry.npmjs.org/detect-libc/-/detect-libc-2.1.2.tgz attempt 2 failed with ECONNREFUSED
92 http fetch GET https://registry.npmjs.org/fdir/-/fdir-6.5.0.tgz attempt 2 failed with ECONNREFUSED
93 http fetch GET https://registry.npmjs.org/@oxc-project/types/-/types-0.149.0.tgz attempt 2 failed with ECONNREFUSED
94 http fetch GET https://registry.npmjs.org/@rolldown/binding-win32-x64-msvc/-/binding-win32-x64-msvc-1.2.8.tgz attempt 2 failed with ECONNREFUSED
95 http fetch GET https://registry.npmjs.org/@rolldown/pluginutils/-/pluginutils-1.0.1.tgz attempt 2 failed with ECONNREFUSED
