0 verbose cli C:\Program Files\nodejs\node.exe C:\Program Files\nodejs\node_modules\npm\bin\npm-cli.js
1 info using npm@11.17.0
2 info using node@v24.19.0
3 silly config load:file:C:\Program Files\nodejs\node_modules\npm\npmrc
4 silly config load:file:C:\GameProjects\JoshuaBrower-website\.npmrc
5 silly config load:file:C:\Users\jsbro\.npmrc
6 silly config load:file:C:\Users\jsbro\AppData\Roaming\npm\etc\npmrc
7 verbose title npm ci
8 verbose argv "ci" "--cache" ".npm-cache"
9 verbose logfile logs-max:10 dir:C:\GameProjects\JoshuaBrower-website\.npm-cache\_logs\2026-09-16T23_43_37_603Z-
10 verbose logfile C:\GameProjects\JoshuaBrower-website\.npm-cache\_logs\2026-09-16T23_43_37_603Z-debug-0.log
11 silly logfile done cleaning log files
12 http fetch GET https://registry.npmjs.org/npm attempt 1 failed with ECONNREFUSED
13 silly packumentCache heap:4496293888 maxSize:1124073472 maxEntrySize:562036736
14 silly packumentCache heap:4496293888 maxSize:1124073472 maxEntrySize:562036736
15 silly idealTree buildDeps
16 silly reify moves {}
17 silly audit report null
18 http cache vite@https://registry.npmjs.org/vite/-/vite-8.3.0.tgz 0ms (cache hit)
19 http cache scheduler@https://registry.npmjs.org/scheduler/-/scheduler-0.28.0.tgz 0ms (cache hit)
20 http cache source-map-js@https://registry.npmjs.org/source-map-js/-/source-map-js-1.2.1.tgz 0ms (cache hit)
21 http cache rolldown@https://registry.npmjs.org/rolldown/-/rolldown-1.2.8.tgz 0ms (cache hit)
22 http cache tinyglobby@https://registry.npmjs.org/tinyglobby/-/tinyglobby-0.2.17.tgz 0ms (cache hit)
23 http cache react-dom@https://registry.npmjs.org/react-dom/-/react-dom-19.3.0.tgz 0ms (cache hit)
24 http cache react@https://registry.npmjs.org/react/-/react-19.3.0.tgz 0ms (cache hit)
25 http cache postcss@https://registry.npmjs.org/postcss/-/postcss-8.5.28.tgz 0ms (cache hit)
26 http cache lightningcss@https://registry.npmjs.org/lightningcss/-/lightningcss-1.33.0.tgz 0ms (cache hit)
27 http cache lightningcss-win32-x64-msvc@https://registry.npmjs.org/lightningcss-win32-x64-msvc/-/lightningcss-win32-x64-msvc-1.33.0.tgz 0ms (cache hit)
28 http cache picocolors@https://registry.npmjs.org/picocolors/-/picocolors-1.1.1.tgz 0ms (cache hit)
29 http cache nanoid@https://registry.npmjs.org/nanoid/-/nanoid-3.3.19.tgz 0ms (cache hit)
30 http cache picomatch@https://registry.npmjs.org/picomatch/-/picomatch-4.0.7.tgz 0ms (cache hit)
31 http cache @vitejs/plugin-react@https://registry.npmjs.org/@vitejs/plugin-react/-/plugin-react-6.1.1.tgz 0ms (cache hit)
32 http cache @rolldown/binding-win32-x64-msvc@https://registry.npmjs.org/@rolldown/binding-win32-x64-msvc/-/binding-win32-x64-msvc-1.2.8.tgz 0ms (cache hit)
33 http cache fdir@https://registry.npmjs.org/fdir/-/fdir-6.5.0.tgz 0ms (cache hit)
34 http cache detect-libc@https://registry.npmjs.org/detect-libc/-/detect-libc-2.1.2.tgz 0ms (cache hit)
35 silly tarball no local data for vite@https://registry.npmjs.org/vite/-/vite-8.3.0.tgz. Extracting by manifest.
36 silly tarball no local data for scheduler@https://registry.npmjs.org/scheduler/-/scheduler-0.28.0.tgz. Extracting by manifest.
37 http cache @rolldown/pluginutils@https://registry.npmjs.org/@rolldown/pluginutils/-/pluginutils-1.0.1.tgz 0ms (cache hit)
38 silly tarball no local data for source-map-js@https://registry.npmjs.org/source-map-js/-/source-map-js-1.2.1.tgz. Extracting by manifest.
39 silly tarball no local data for rolldown@https://registry.npmjs.org/rolldown/-/rolldown-1.2.8.tgz. Extracting by manifest.
40 silly tarball no local data for tinyglobby@https://registry.npmjs.org/tinyglobby/-/tinyglobby-0.2.17.tgz. Extracting by manifest.
41 http cache @oxc-project/types@https://registry.npmjs.org/@oxc-project/types/-/types-0.149.0.tgz 0ms (cache hit)
42 silly tarball no local data for react-dom@https://registry.npmjs.org/react-dom/-/react-dom-19.3.0.tgz. Extracting by manifest.
43 silly tarball no local data for react@https://registry.npmjs.org/react/-/react-19.3.0.tgz. Extracting by manifest.
44 silly tarball no local data for postcss@https://registry.npmjs.org/postcss/-/postcss-8.5.28.tgz. Extracting by manifest.
45 silly tarball no local data for lightningcss@https://registry.npmjs.org/lightningcss/-/lightningcss-1.33.0.tgz. Extracting by manifest.
46 silly tarball no local data for lightningcss-win32-x64-msvc@https://registry.npmjs.org/lightningcss-win32-x64-msvc/-/lightningcss-win32-x64-msvc-1.33.0.tgz. Extracting by manifest.
47 silly tarball no local data for picocolors@https://registry.npmjs.org/picocolors/-/picocolors-1.1.1.tgz. Extracting by manifest.
48 silly tarball no local data for nanoid@https://registry.npmjs.org/nanoid/-/nanoid-3.3.19.tgz. Extracting by manifest.
49 silly tarball no local data for picomatch@https://registry.npmjs.org/picomatch/-/picomatch-4.0.7.tgz. Extracting by manifest.
50 silly tarball no local data for @vitejs/plugin-react@https://registry.npmjs.org/@vitejs/plugin-react/-/plugin-react-6.1.1.tgz. Extracting by manifest.
51 silly tarball no local data for @rolldown/binding-win32-x64-msvc@https://registry.npmjs.org/@rolldown/binding-win32-x64-msvc/-/binding-win32-x64-msvc-1.2.8.tgz. Extracting by manifest.
52 silly tarball no local data for fdir@https://registry.npmjs.org/fdir/-/fdir-6.5.0.tgz. Extracting by manifest.
53 silly tarball no local data for detect-libc@https://registry.npmjs.org/detect-libc/-/detect-libc-2.1.2.tgz. Extracting by manifest.
54 silly tarball no local data for @rolldown/pluginutils@https://registry.npmjs.org/@rolldown/pluginutils/-/pluginutils-1.0.1.tgz. Extracting by manifest.
55 silly tarball no local data for @oxc-project/types@https://registry.npmjs.org/@oxc-project/types/-/types-0.149.0.tgz. Extracting by manifest.
56 verbose reify failed optional dependency C:\GameProjects\JoshuaBrower-website\node_modules\lightningcss-win32-x64-msvc
57 silly reify mark deleted [
57 silly reify   'C:\\GameProjects\\JoshuaBrower-website\\node_modules\\lightningcss-win32-x64-msvc'
57 silly reify ]
58 verbose reify failed optional dependency C:\GameProjects\JoshuaBrower-website\node_modules\@rolldown\binding-win32-x64-msvc
59 silly reify mark deleted [
59 silly reify   'C:\\GameProjects\\JoshuaBrower-website\\node_modules\\@rolldown\\binding-win32-x64-msvc'
59 silly reify ]
60 verbose stack Error: request to https://registry.npmjs.org/vite/-/vite-8.3.0.tgz failed: cache mode is 'only-if-cached' but no cached response is available.
60 verbose stack     at cacheFetch (C:\Program Files\nodejs\node_modules\npm\node_modules\make-fetch-happen\lib\cache\index.js:12:13)
60 verbose stack     at async fetch (C:\Program Files\nodejs\node_modules\npm\node_modules\make-fetch-happen\lib\fetch.js:98:7)
61 error code ENOTCACHED
62 error request to https://registry.npmjs.org/vite/-/vite-8.3.0.tgz failed: cache mode is 'only-if-cached' but no cached response is available.
63 silly unfinished npm timer reify 1789602217981
64 silly unfinished npm timer reify:unpack 1789602217990
65 silly unfinished npm timer reifyNode:node_modules/vite 1789602217990
66 silly unfinished npm timer reifyNode:node_modules/tinyglobby 1789602217990
67 silly unfinished npm timer reifyNode:node_modules/source-map-js 1789602217990
68 silly unfinished npm timer reifyNode:node_modules/scheduler 1789602217990
69 silly unfinished npm timer reifyNode:node_modules/rolldown 1789602217990
70 silly unfinished npm timer reifyNode:node_modules/react-dom 1789602217990
71 silly unfinished npm timer reifyNode:node_modules/react 1789602217990
72 silly unfinished npm timer reifyNode:node_modules/postcss 1789602217990
73 silly unfinished npm timer reifyNode:node_modules/picomatch 1789602217990
74 silly unfinished npm timer reifyNode:node_modules/picocolors 1789602217990
75 silly unfinished npm timer reifyNode:node_modules/nanoid 1789602217990
76 silly unfinished npm timer reifyNode:node_modules/lightningcss 1789602217990
77 silly unfinished npm timer reifyNode:node_modules/fdir 1789602217990
78 silly unfinished npm timer reifyNode:node_modules/detect-libc 1789602217990
79 silly unfinished npm timer reifyNode:node_modules/@vitejs/plugin-react 1789602217990
80 silly unfinished npm timer reifyNode:node_modules/@rolldown/pluginutils 1789602217990
81 silly unfinished npm timer reifyNode:node_modules/@oxc-project/types 1789602217990
82 verbose cwd C:\GameProjects\JoshuaBrower-website
83 verbose os Windows_NT 10.0.26200
84 verbose node v24.19.0
85 verbose npm  v11.17.0
86 verbose exit 1
87 verbose code 1
88 error A complete log of this run can be found in: C:\GameProjects\JoshuaBrower-website\.npm-cache\_logs\2026-09-16T23_43_37_603Z-debug-0.log
